---
source: tests/test_roundtrip.rs
expression: serialized
info:
  use_form_encoding: true
snapshot_kind: text
---
t[Unit]
