---
source: tests/test_roundtrip.rs
expression: serialized_pretty
info:
  use_form_encoding: true
snapshot_kind: text
---
t[Newtype]&
c=adjacent
