---
source: tests/test_roundtrip.rs
description: Unit
---
t[Unit]
