---
source: tests/test_roundtrip.rs
description: "Tuple(3, 4)"
---
t[Tuple]&
c[0]=3&
c[1]=4
