---
source: tests/test_roundtrip.rs
description: "ArrayTypes { small_array: [1, 2, 3], string_array: [\"first\", \"second\"] }"
---
small_array%5B0%5D=1&
small_array%5B1%5D=2&
small_array%5B2%5D=3&
string_array%5B0%5D=first&
string_array%5B1%5D=second
