---
source: tests/test_roundtrip.rs
expression: serialized_pretty
snapshot_kind: text
---
Tuple[0]=1&
Tuple[1]=2
