---
source: tests/test_roundtrip.rs
description: "FlatStruct { a: 1, b: 2 }"
---
a=1&
b=2
