---
source: tests/test_roundtrip.rs
description: Unit
---
type=Unit
