---
source: tests/test_roundtrip.rs
expression: serialized_pretty
info:
  use_form_encoding: true
snapshot_kind: text
---
empty_map=&
int_key_map%5B1%5D=one&
int_key_map%5B2%5D=two&
string_map%5Bkey1%5D=value1&
string_map%5Bkey2%5D=value2&
struct_value_map%5Bfirst%5D%5Ba%5D=10&
struct_value_map%5Bfirst%5D%5Bb%5D=20&
struct_value_map%5Bsecond%5D%5Ba%5D=30&
struct_value_map%5Bsecond%5D%5Bb%5D=40
