---
source: tests/test_roundtrip.rs
expression: serialized_pretty
info:
  use_form_encoding: false
snapshot_kind: text
---
external[Struct][a]=ext&
external[Struct][b]=false&
internal[type]=Struct&
internal[value]=int&
adjacent[t][Newtype]&
adjacent[c]=adj&
untagged=100&
optional_enum[Unit]
