---
source: tests/test_roundtrip.rs
expression: serialized_pretty
snapshot_kind: text
---
opt_struct%5Ba%5D=10&
opt_struct%5Bb%5D=20&
opt_empty_string=
