---
source: tests/test_roundtrip.rs
expression: serialized_pretty
info:
  use_form_encoding: false
snapshot_kind: text
---
FIELD_ONE=42&
FIELD_TWO=LOUD&
NESTED_FIELD=NESTED
