---
source: tests/test_roundtrip.rs
expression: serialized_pretty
info:
  use_form_encoding: true
snapshot_kind: text
---
single_vec%5B0%5D=single&
single_map%5Bonly%5D=42&
single_option%5B0%5D=255&
single_char_string=x
