---
source: tests/test_roundtrip.rs
expression: serialized_pretty
info:
  use_form_encoding: true
snapshot_kind: text
---
maybe_string=present&
maybe_vec[0]=1&
maybe_vec[1]=2&
maybe_vec[2]=3&
maybe_zero=42&
always_present=always
