---
source: tests/test_roundtrip.rs
description: "Wrapper(\"hello world\")"
snapshot_kind: text
---
=hello%20world
