---
source: tests/test_roundtrip.rs
description: Wrapper(false)
snapshot_kind: text
---
=false
