---
source: tests/test_roundtrip.rs
description: Wrapper(42)
snapshot_kind: text
---
=42
