---
source: tests/test_roundtrip.rs
description: "Text(\"untagged\")"
---
=untagged
