---
source: tests/test_roundtrip.rs
description: "Struct { field: \"value\" }"
---
field=value
