---
source: tests/test_roundtrip.rs
expression: serialized_pretty
snapshot_kind: text
---
level1%5Blevel1%5D%5Blevel1%5D%5Blevel1%5D%5Blevel1%5D&
level1%5Blevel1%5D%5Blevel1%5D%5Blevel1%5D%5Bvalue%5D=deepest&
level1%5Blevel1%5D%5Blevel1%5D%5Bvalue%5D=level4&
level1%5Blevel1%5D%5Bvalue%5D=level3&
level1%5Bvalue%5D=level2&
value=level1
